objectid: azmon-a1b2c3d4
scope: ""
value:
  enabled: true
  description: Production Azure monitoring
  version: "1.0"
  azure:
    deploymentscope: MANAGEMENT_GROUP
    subscriptionfilteringmode: ALL
    credentials:
      - enabled: true
        description: Main credential
        connectionid: azure-conn-a1b2c3d4
        serviceprincipalid: ""
        type: CLIENT_SECRET
    locationfiltering: []
    configurationmode: STANDARD
    deploymentmode: FULL
    tagfiltering: []
    tagenrichment: []
    dtlabelsenrichment: {}
  featuresets:
    - default
    - advanced
description: Production Azure monitoring
enabled: true
version: "1.0"
