id: b1c2d3e4-f5a6-4b7c-8d9e-0f1a2b3c4d5e
name: Production Overview
type: dashboard
description: Main production monitoring dashboard
version: 3
owner: 7a8b9c0d-1e2f-4a3b-8c4d-5e6f7a8b9c0d
isprivate: false
modificationinfo:
  createdby: admin@example.invalid
  createdtime: 2025-03-15T10:30:00Z
  lastmodifiedby: editor@example.invalid
  lastmodifiedtime: 2025-03-15T12:30:00Z
access:
  - read
  - write
