id: d4e5f6a7-b8c9-4d0e-1f2a-3b4c5d6e7f8a
workflow: a1b2c3d4-e5f6-4a7b-8c9d-0e1f2a3b4c5d
title: Deploy to Production
state: SUCCEEDED
stateinfo: null
startedat: 2025-03-15T10:30:00Z
endedat: 2025-03-15T10:30:45Z
runtime: 45
trigger: schedule
triggertype: Schedule
user: null
actor: ""
input: null
params: null
result: null
