{
  "path": "/lookups/grail/pm/error_codes",
  "displayName": "Error Codes",
  "description": "Mapping of error codes to descriptions",
  "fileSize": 2048,
  "records": 42,
  "lookupField": "code",
  "columns": [
    "code",
    "description",
    "severity"
  ],
  "modified": "2025-03-15T10:30:00Z",
  "previewData": [
    {
      "code": "E001",
      "description": "Connection timeout",
      "severity": "HIGH"
    },
    {
      "code": "E002",
      "description": "Invalid input",
      "severity": "LOW"
    }
  ]
}
