id: a1b2c3d4-0001-4000-8000-000000000001
name: API Availability
description: 99.9% availability for public API endpoints
version: "3"
criteria:
  - timeframefrom: -7d
    timeframeto: ""
    target: 99.9
    warning: 99.5
  - timeframefrom: -30d
    timeframeto: ""
    target: 99
    warning: null
tags:
  - service:api
  - tier:1
customsli: {}
externalid: ""
